Tinycompress source: exact committed audio-header dependency patch; clean checkout
{
  "mode": "source",
  "status": "PASS",
  "tool_sha256": "3df45addd8003022c9d6430930ee805fee2abcc98f452a01ae13280281ff7ba1",
  "scanned_trees": [
    {
      "path": "/home/desmond/Downloads/k50sv1_64_bsp/work/.capture-staging/source-replacement-20260905/build-project/lineage-17.1/device/xsh/k50sv1_64_bsp",
      "text_files": 287
    },
    {
      "path": "/home/desmond/Downloads/k50sv1_64_bsp/work/.capture-staging/source-replacement-20260905/build-project/lineage-17.1/vendor/xsh/k50sv1_64_bsp",
      "text_files": 139
    }
  ],
  "home_policy": "upstream Q priority selection; inherited Trebuchet HOME"
}
HOME role source: unmodified upstream Q tree; clean committed checkout
vendor/lineage carries exactly the approved font and APN-type patches; device APNs validate
status=PASS
base_rows=3829
internal_rows=0
custom_rows=10
merged_rows=3839
network_type_bitmask=512903
merged_sha256=749e1ce3aaebabde06f7f766734bec191499e5551586035226447778ebddf4b5
