make: Entering directory '/home/desmond/Downloads/k50sv1_64_bsp/lineage-17.1/kernel/xsh/k50sv1_64_bsp'
  HOSTCC  scripts/basic/fixdep
  GEN     ./Makefile
  HOSTCC  scripts/kconfig/conf.o
  SHIPPED scripts/kconfig/zconf.tab.c
  SHIPPED scripts/kconfig/zconf.lex.c
  SHIPPED scripts/kconfig/zconf.hash.c
  HOSTCC  scripts/kconfig/zconf.tab.o
In file included from scripts/kconfig/zconf.tab.c:2536:
In function ‘dep_stack_insert’,
    inlined from ‘sym_check_print_recursive’ at /home/desmond/Downloads/k50sv1_64_bsp/lineage-17.1/kernel/xsh/k50sv1_64_bsp/scripts/kconfig/symbol.c:1090:3,
    inlined from ‘sym_check_deps’ at /home/desmond/Downloads/k50sv1_64_bsp/lineage-17.1/kernel/xsh/k50sv1_64_bsp/scripts/kconfig/symbol.c:1261:3:
/home/desmond/Downloads/k50sv1_64_bsp/lineage-17.1/kernel/xsh/k50sv1_64_bsp/scripts/kconfig/symbol.c:1066:19: warning: storing the address of local variable ‘cv_stack’ in ‘check_top’ [-Wdangling-pointer=]
 1066 |         check_top = stack;
      |         ~~~~~~~~~~^~~~~~~
/home/desmond/Downloads/k50sv1_64_bsp/lineage-17.1/kernel/xsh/k50sv1_64_bsp/scripts/kconfig/symbol.c: In function ‘sym_check_deps’:
/home/desmond/Downloads/k50sv1_64_bsp/lineage-17.1/kernel/xsh/k50sv1_64_bsp/scripts/kconfig/symbol.c:1087:26: note: ‘cv_stack’ declared here
 1087 |         struct dep_stack cv_stack;
      |                          ^~~~~~~~
/home/desmond/Downloads/k50sv1_64_bsp/lineage-17.1/kernel/xsh/k50sv1_64_bsp/scripts/kconfig/symbol.c:1057:4: note: ‘check_top’ declared here
 1057 | } *check_top;
      |    ^~~~~~~~~
  HOSTLD  scripts/kconfig/conf
drivers/input/touchscreen/mediatek/GT1151/Kconfig:4:warning: ignoring type redefinition of 'TOUCHSCREEN_MTK_GT1151' from 'boolean' to 'tristate'
drivers/input/touchscreen/mediatek/nt36672/Kconfig:6:warning: ignoring type redefinition of 'TOUCHSCREEN_NT36xxx' from 'tristate' to 'boolean'
drivers/input/touchscreen/mediatek/nt36672/Kconfig:6:warning: ignoring type redefinition of 'TOUCHSCREEN_NT36xxx' from 'tristate' to 'boolean'
drivers/input/touchscreen/mediatek/NT36xxx/Kconfig:6:warning: ignoring type redefinition of 'TOUCHSCREEN_NT36xxx' from 'tristate' to 'boolean'
drivers/nfc/samsung/Kconfig:23:warning: choice value used outside its choice group
drivers/nfc/samsung/Kconfig:25:warning: choice value used outside its choice group
drivers/nfc/samsung/Kconfig:32:warning: choice value used outside its choice group
drivers/nfc/samsung/Kconfig:34:warning: choice value used outside its choice group
drivers/nfc/samsung/Kconfig:36:warning: choice value used outside its choice group
#
# configuration written to .config
#
make: Leaving directory '/home/desmond/Downloads/k50sv1_64_bsp/lineage-17.1/kernel/xsh/k50sv1_64_bsp'
make: Entering directory '/home/desmond/Downloads/k50sv1_64_bsp/lineage-17.1/kernel/xsh/k50sv1_64_bsp'
  GEN     ./Makefile
scripts/kconfig/conf --savedefconfig=defconfig Kconfig
drivers/input/touchscreen/mediatek/GT1151/Kconfig:4:warning: ignoring type redefinition of 'TOUCHSCREEN_MTK_GT1151' from 'boolean' to 'tristate'
drivers/input/touchscreen/mediatek/nt36672/Kconfig:6:warning: ignoring type redefinition of 'TOUCHSCREEN_NT36xxx' from 'tristate' to 'boolean'
drivers/input/touchscreen/mediatek/nt36672/Kconfig:6:warning: ignoring type redefinition of 'TOUCHSCREEN_NT36xxx' from 'tristate' to 'boolean'
drivers/input/touchscreen/mediatek/NT36xxx/Kconfig:6:warning: ignoring type redefinition of 'TOUCHSCREEN_NT36xxx' from 'tristate' to 'boolean'
drivers/nfc/samsung/Kconfig:23:warning: choice value used outside its choice group
drivers/nfc/samsung/Kconfig:25:warning: choice value used outside its choice group
drivers/nfc/samsung/Kconfig:32:warning: choice value used outside its choice group
drivers/nfc/samsung/Kconfig:34:warning: choice value used outside its choice group
drivers/nfc/samsung/Kconfig:36:warning: choice value used outside its choice group
make: Leaving directory '/home/desmond/Downloads/k50sv1_64_bsp/lineage-17.1/kernel/xsh/k50sv1_64_bsp'
Using /home/desmond/Downloads/k50sv1_64_bsp/work/.capture-staging/f2fs-mainline-20260905/kernel-config/.config as base
Merging /home/desmond/Downloads/k50sv1_64_bsp/lineage-17.1/kernel/xsh/k50sv1_64_bsp/arch/arm64/configs/k50sv1_64_bsp_source.fragment
Value of CONFIG_FRAME_WARN is redefined by fragment /home/desmond/Downloads/k50sv1_64_bsp/lineage-17.1/kernel/xsh/k50sv1_64_bsp/arch/arm64/configs/k50sv1_64_bsp_source.fragment:
Previous value: CONFIG_FRAME_WARN=1600
New value: CONFIG_FRAME_WARN=1700

Value of CONFIG_CUSTOM_KERNEL_LCM is redefined by fragment /home/desmond/Downloads/k50sv1_64_bsp/lineage-17.1/kernel/xsh/k50sv1_64_bsp/arch/arm64/configs/k50sv1_64_bsp_source.fragment:
Previous value: CONFIG_CUSTOM_KERNEL_LCM="ft8057s_inx_hdplus1560 ilip6h87_dsi_vdo_hdplus1560 ft8057s_ivo_hdplus1560"
New value: CONFIG_CUSTOM_KERNEL_LCM="ft8057s_inx_hdplus1560"

Value of CONFIG_TOUCHSCREEN_MTK_FOCALTECH_FT8057 is redefined by fragment /home/desmond/Downloads/k50sv1_64_bsp/lineage-17.1/kernel/xsh/k50sv1_64_bsp/arch/arm64/configs/k50sv1_64_bsp_source.fragment:
Previous value: # CONFIG_TOUCHSCREEN_MTK_FOCALTECH_FT8057 is not set
New value: CONFIG_TOUCHSCREEN_MTK_FOCALTECH_FT8057=y

Value of CONFIG_MTK_MIR3DA is redefined by fragment /home/desmond/Downloads/k50sv1_64_bsp/lineage-17.1/kernel/xsh/k50sv1_64_bsp/arch/arm64/configs/k50sv1_64_bsp_source.fragment:
Previous value: # CONFIG_MTK_MIR3DA is not set
New value: CONFIG_MTK_MIR3DA=y

Value of CONFIG_CUSTOM_KERNEL_ALSPS is redefined by fragment /home/desmond/Downloads/k50sv1_64_bsp/lineage-17.1/kernel/xsh/k50sv1_64_bsp/arch/arm64/configs/k50sv1_64_bsp_source.fragment:
Previous value: CONFIG_CUSTOM_KERNEL_ALSPS=y
New value: # CONFIG_CUSTOM_KERNEL_ALSPS is not set

Value of CONFIG_CUSTOM_KERNEL_IMGSENSOR is redefined by fragment /home/desmond/Downloads/k50sv1_64_bsp/lineage-17.1/kernel/xsh/k50sv1_64_bsp/arch/arm64/configs/k50sv1_64_bsp_source.fragment:
Previous value: CONFIG_CUSTOM_KERNEL_IMGSENSOR="imx145_mipi_raw sp2508_mipi_raw ov5670_mipi_raw imx135_mipi_raw gc2355_mipi_raw gc5025main_mipi_raw gc5025_mipi_raw imx278_mipi_raw s5k5e2ya_mipi_raw gc2235_mipi_raw"
New value: CONFIG_CUSTOM_KERNEL_IMGSENSOR="imx145_mipi_raw gc5025_mipi_raw"

Value of CONFIG_MTK_LENS_DW9761AF_SUPPORT is redefined by fragment /home/desmond/Downloads/k50sv1_64_bsp/lineage-17.1/kernel/xsh/k50sv1_64_bsp/arch/arm64/configs/k50sv1_64_bsp_source.fragment:
Previous value: # CONFIG_MTK_LENS_DW9761AF_SUPPORT is not set
New value: CONFIG_MTK_LENS_DW9761AF_SUPPORT=y

Value of CONFIG_MTK_LENS_DUMMYLENS_SUPPORT is redefined by fragment /home/desmond/Downloads/k50sv1_64_bsp/lineage-17.1/kernel/xsh/k50sv1_64_bsp/arch/arm64/configs/k50sv1_64_bsp_source.fragment:
Previous value: CONFIG_MTK_LENS_DUMMYLENS_SUPPORT=y
New value: # CONFIG_MTK_LENS_DUMMYLENS_SUPPORT is not set

Value of CONFIG_MTK_LENS_AD5820AF_SUPPORT is redefined by fragment /home/desmond/Downloads/k50sv1_64_bsp/lineage-17.1/kernel/xsh/k50sv1_64_bsp/arch/arm64/configs/k50sv1_64_bsp_source.fragment:
Previous value: CONFIG_MTK_LENS_AD5820AF_SUPPORT=y
New value: # CONFIG_MTK_LENS_AD5820AF_SUPPORT is not set

Value of CONFIG_MTK_LENS_BU6424AF_SUPPORT is redefined by fragment /home/desmond/Downloads/k50sv1_64_bsp/lineage-17.1/kernel/xsh/k50sv1_64_bsp/arch/arm64/configs/k50sv1_64_bsp_source.fragment:
Previous value: CONFIG_MTK_LENS_BU6424AF_SUPPORT=y
New value: # CONFIG_MTK_LENS_BU6424AF_SUPPORT is not set

Value of CONFIG_MTK_LENS_BU6429AF_SUPPORT is redefined by fragment /home/desmond/Downloads/k50sv1_64_bsp/lineage-17.1/kernel/xsh/k50sv1_64_bsp/arch/arm64/configs/k50sv1_64_bsp_source.fragment:
Previous value: CONFIG_MTK_LENS_BU6429AF_SUPPORT=y
New value: # CONFIG_MTK_LENS_BU6429AF_SUPPORT is not set

Value of CONFIG_MTK_LENS_DW9714AF_SUPPORT is redefined by fragment /home/desmond/Downloads/k50sv1_64_bsp/lineage-17.1/kernel/xsh/k50sv1_64_bsp/arch/arm64/configs/k50sv1_64_bsp_source.fragment:
Previous value: CONFIG_MTK_LENS_DW9714AF_SUPPORT=y
New value: # CONFIG_MTK_LENS_DW9714AF_SUPPORT is not set

Value of CONFIG_MTK_LENS_LC898212AF_SUPPORT is redefined by fragment /home/desmond/Downloads/k50sv1_64_bsp/lineage-17.1/kernel/xsh/k50sv1_64_bsp/arch/arm64/configs/k50sv1_64_bsp_source.fragment:
Previous value: CONFIG_MTK_LENS_LC898212AF_SUPPORT=y
New value: # CONFIG_MTK_LENS_LC898212AF_SUPPORT is not set

Value of CONFIG_MTK_LENS_LC898214AF_SUPPORT is redefined by fragment /home/desmond/Downloads/k50sv1_64_bsp/lineage-17.1/kernel/xsh/k50sv1_64_bsp/arch/arm64/configs/k50sv1_64_bsp_source.fragment:
Previous value: CONFIG_MTK_LENS_LC898214AF_SUPPORT=y
New value: # CONFIG_MTK_LENS_LC898214AF_SUPPORT is not set

Value of CONFIG_GATOR is redefined by fragment /home/desmond/Downloads/k50sv1_64_bsp/lineage-17.1/kernel/xsh/k50sv1_64_bsp/arch/arm64/configs/k50sv1_64_bsp_source.fragment:
Previous value: CONFIG_GATOR=m
New value: # CONFIG_GATOR is not set

Value of CONFIG_K50SV1_STOCK_SENSOR_LIST is redefined by fragment /home/desmond/Downloads/k50sv1_64_bsp/lineage-17.1/kernel/xsh/k50sv1_64_bsp/arch/arm64/configs/k50sv1_64_bsp_source.fragment:
Previous value: # CONFIG_K50SV1_STOCK_SENSOR_LIST is not set
New value: CONFIG_K50SV1_STOCK_SENSOR_LIST=y

Value of CONFIG_MTK_PPM_LCMON_BOOST is redefined by fragment /home/desmond/Downloads/k50sv1_64_bsp/lineage-17.1/kernel/xsh/k50sv1_64_bsp/arch/arm64/configs/k50sv1_64_bsp_source.fragment:
Previous value: # CONFIG_MTK_PPM_LCMON_BOOST is not set
New value: CONFIG_MTK_PPM_LCMON_BOOST=y

Value of CONFIG_F2FS_FS is redefined by fragment /home/desmond/Downloads/k50sv1_64_bsp/lineage-17.1/kernel/xsh/k50sv1_64_bsp/arch/arm64/configs/k50sv1_64_bsp_source.fragment:
Previous value: # CONFIG_F2FS_FS is not set
New value: CONFIG_F2FS_FS=y

#
# merged configuration written to /home/desmond/Downloads/k50sv1_64_bsp/work/.capture-staging/f2fs-mainline-20260905/kernel-config/.config (needs make)
#
make: Entering directory '/home/desmond/Downloads/k50sv1_64_bsp/lineage-17.1/kernel/xsh/k50sv1_64_bsp'
  GEN     ./Makefile
scripts/kconfig/conf --alldefconfig Kconfig
drivers/input/touchscreen/mediatek/GT1151/Kconfig:4:warning: ignoring type redefinition of 'TOUCHSCREEN_MTK_GT1151' from 'boolean' to 'tristate'
drivers/input/touchscreen/mediatek/nt36672/Kconfig:6:warning: ignoring type redefinition of 'TOUCHSCREEN_NT36xxx' from 'tristate' to 'boolean'
drivers/input/touchscreen/mediatek/nt36672/Kconfig:6:warning: ignoring type redefinition of 'TOUCHSCREEN_NT36xxx' from 'tristate' to 'boolean'
drivers/input/touchscreen/mediatek/NT36xxx/Kconfig:6:warning: ignoring type redefinition of 'TOUCHSCREEN_NT36xxx' from 'tristate' to 'boolean'
drivers/nfc/samsung/Kconfig:23:warning: choice value used outside its choice group
drivers/nfc/samsung/Kconfig:25:warning: choice value used outside its choice group
drivers/nfc/samsung/Kconfig:32:warning: choice value used outside its choice group
drivers/nfc/samsung/Kconfig:34:warning: choice value used outside its choice group
drivers/nfc/samsung/Kconfig:36:warning: choice value used outside its choice group
#
# configuration written to .config
#
make: Leaving directory '/home/desmond/Downloads/k50sv1_64_bsp/lineage-17.1/kernel/xsh/k50sv1_64_bsp'
