Tinycompress source: exact committed audio-header dependency patch; clean checkout
{
  "mode": "source",
  "status": "PASS",
  "tool_sha256": "3df45addd8003022c9d6430930ee805fee2abcc98f452a01ae13280281ff7ba1",
  "scanned_trees": [
    {
      "path": "/home/desmond/Downloads/k50sv1_64_bsp/work/.capture-staging/source-replacement-20260905/build-project/lineage-17.1/device/xsh/k50sv1_64_bsp",
      "text_files": 287
    },
    {
      "path": "/home/desmond/Downloads/k50sv1_64_bsp/work/.capture-staging/source-replacement-20260905/build-project/lineage-17.1/vendor/xsh/k50sv1_64_bsp",
      "text_files": 139
    }
  ],
  "home_policy": "upstream Q priority selection; inherited Trebuchet HOME"
}
HOME role source: unmodified upstream Q tree; clean committed checkout
vendor/lineage carries exactly the approved font and APN-type patches; device APNs validate
status=PASS
base_rows=3829
internal_rows=0
custom_rows=10
merged_rows=3839
network_type_bitmask=512903
merged_sha256=749e1ce3aaebabde06f7f766734bec191499e5551586035226447778ebddf4b5
CarrierConfig overlay matrix: PASS (CMCC, CU and Vodafone NL VoLTE/WFC switches; other carriers untouched)
Pixel identity source: PASS (public Coral identity; real k50sv1/mt6755 build, OTA, SPL and partition identity)
WFC framework resource sources: PASS (diagnostic overlay supplies true; Tier-3 overlay is false)
Saved manifest to /tmp/tmp.l6IfiKscc8/android-manifest.xml
WFC framework resource output: PASS (merged framework-res=true)
Saved manifest to /tmp/tmp.6nzjOqs31d/android-manifest.xml
Staged and cross-verified four images plus source provenance at /home/desmond/Downloads/k50sv1_64_bsp/work/.capture-staging/source-replacement-20260905/tier1-source-stack-20260907-wmt-command-v2-clang
