    CC crc/crc16.o
    CC crc/crc32.o
    CC crc/crc32c-arm64.o
    CC crc/crc32c-intel.o
    CC crc/crc32c.o
    CC crc/crc64.o
    CC crc/crc7.o
    CC crc/crct10dif_common.o
    CC crc/fnv.o
    CC crc/md5.o
    CC crc/murmur3.o
    CC crc/sha1.o
    CC crc/sha256.o
    CC crc/sha3.o
    CC crc/sha512.o
    CC crc/test.o
    CC crc/xxhash.o
    CC lib/axmap.o
    CC lib/bloom.o
    CC lib/flist_sort.o
    CC lib/gauss.o
    CC lib/getrusage.o
    CC lib/hweight.o
    CC lib/ieee754.o
    CC lib/lfsr.o
    CC lib/memalign.o
    CC lib/memcpy.o
    CC lib/mountcheck.o
    CC lib/num2str.o
    CC lib/output_buffer.o
    CC lib/pattern.o
    CC lib/prio_tree.o
    CC lib/rand.o
    CC lib/rbtree.o
    CC lib/strntol.o
    CC lib/zipf.o
    CC gettime.o
    CC ioengines.o
    CC init.o
    CC stat.o
    CC log.o
    CC time.o
    CC filesetup.o
    CC eta.o
    CC verify.o
    CC memory.o
    CC io_u.o
    CC parse.o
    CC fio_sem.o
    CC pshared.o
    CC rwlock.o
    CC options.o
    CC fio_shared_sem.o
    CC smalloc.o
    CC filehash.o
    CC profile.o
    CC debug.o
    CC engines/cpu.o
    CC engines/mmap.o
    CC engines/sync.o
    CC engines/null.o
    CC engines/net.o
    CC engines/ftruncate.o
    CC engines/fileoperations.o
    CC engines/exec.o
    CC server.o
    CC client.o
    CC iolog.o
    CC backend.o
    CC libfio.o
    CC flow.o
    CC cconv.o
    CC gettime-thread.o
    CC helpers.o
    CC json.o
    CC idletime.o
    CC td_error.o
    CC profiles/tiobench.o
    CC profiles/act.o
    CC io_u_queue.o
    CC filelock.o
    CC workqueue.o
    CC rate-submit.o
    CC optgroup.o
    CC helper_thread.o
    CC steadystate.o
    CC zone-dist.o
    CC zbd.o
    CC dedupe.o
    CC dataplacement.o
    CC sprandom.o
    CC engines/falloc.o
    CC engines/splice.o
    CC oslib/asprintf.o
    CC oslib/statx.o
    CC engines/mtd.o
    CC oslib/libmtd.o
    CC oslib/libmtd_legacy.o
    CC diskutil.o
    CC fifo.o
    CC blktrace.o
    CC cgroup.o
    CC trim.o
    CC oslib/linux-dev-lookup.o
    CC engines/io_uring.o
    CC engines/nvme.o
    CC engines/sg.o
    CC oslib/linux-blkzoned.o
    CC engines/cmdprio.o
  LINK fio
