  boot.img     8430888 /   16777216 bytes
  recovery.img   14761260 /   16777216 bytes
  system.img 1931510364 / 4294967296 bytes
  vendor.img  167231732 / 2147483648 bytes
boot/recovery headers and receipt-bound source-kernel/stock-DT payloads verified
sparse image structures and expanded sizes verified
image digests verified
private flash snapshot verified from /home/desmond/Downloads/k50sv1_64_bsp/work/.capture-staging/f2fs-runtime-20260905/tier1-v2
rebooting 0123456789ABCDEF into the bootloader
waiting for fastboot serial 0123456789ABCDEF
fastboot device 0123456789ABCDEF
bootloader reports product=k50sv1_64_bsp
product matches the recorded expectation
private flash snapshot revalidated immediately before wipes

== resolving wipe partition sizes from the bootloader ==
  userdata   55372135936 bytes (bootloader)
  metadata      33554432 bytes (bootloader)
  cache        452984832 bytes (bootloader)

== wiping userdata ==
******** Did you mean to fastboot format this ext4 partition?
Erasing 'userdata'                                 OKAY [ 14.806s]
Finished. Total time: 14.806s

== wiping metadata ==
Erasing 'metadata'                                 OKAY [  0.054s]
Finished. Total time: 0.055s

== wiping cache ==
******** Did you mean to fastboot format this ext4 partition?
Erasing 'cache'                                    OKAY [  0.079s]
Finished. Total time: 0.079s

== flashing boot ==
Sending 'boot' (8233 KB)                           OKAY [  0.326s]
Writing 'boot'                                     OKAY [  0.207s]
Finished. Total time: 0.537s

== flashing recovery ==
Sending 'recovery' (14415 KB)                      OKAY [  0.498s]
Writing 'recovery'                                 OKAY [  0.366s]
Finished. Total time: 0.868s

== flashing system ==
Warning: skip copying system image avb footer due to sparse image.
Sending sparse 'system' 1/15 (130120 KB)           OKAY [  3.711s]
Writing 'system'                                   OKAY [  3.502s]
Sending sparse 'system' 2/15 (127992 KB)           OKAY [  3.647s]
Writing 'system'                                   OKAY [  3.343s]
Sending sparse 'system' 3/15 (129028 KB)           OKAY [  3.683s]
Writing 'system'                                   OKAY [  3.435s]
Sending sparse 'system' 4/15 (127992 KB)           OKAY [  3.653s]
Writing 'system'                                   OKAY [  3.334s]
Sending sparse 'system' 5/15 (129028 KB)           OKAY [  3.679s]
Writing 'system'                                   OKAY [  3.440s]
Sending sparse 'system' 6/15 (127992 KB)           OKAY [  3.652s]
Writing 'system'                                   OKAY [  3.341s]
Sending sparse 'system' 7/15 (129028 KB)           OKAY [  3.680s]
Writing 'system'                                   OKAY [  3.439s]
Sending sparse 'system' 8/15 (127992 KB)           OKAY [  3.651s]
Writing 'system'                                   OKAY [  3.345s]
Sending sparse 'system' 9/15 (129028 KB)           OKAY [  3.680s]
Writing 'system'                                   OKAY [  3.436s]
Sending sparse 'system' 10/15 (127992 KB)          OKAY [  3.649s]
Writing 'system'                                   OKAY [ 10.844s]
Sending sparse 'system' 11/15 (129020 KB)          OKAY [  3.680s]
Writing 'system'                                   OKAY [  9.868s]
Sending sparse 'system' 12/15 (129020 KB)          OKAY [  3.680s]
Writing 'system'                                   OKAY [  3.371s]
Sending sparse 'system' 13/15 (129020 KB)          OKAY [  3.680s]
Writing 'system'                                   OKAY [  3.370s]
Sending sparse 'system' 14/15 (129020 KB)          OKAY [  3.681s]
Writing 'system'                                   OKAY [ 10.107s]
Sending sparse 'system' 15/15 (83968 KB)           OKAY [  2.429s]
Writing 'system'                                   OKAY [  2.466s]
Finished. Total time: 124.483s

== flashing vendor ==
Warning: skip copying vendor image avb footer due to sparse image.
Sending sparse 'vendor' 1/2 (129276 KB)            OKAY [  3.686s]
Writing 'vendor'                                   OKAY [ 10.292s]
Sending sparse 'vendor' 2/2 (34036 KB)             OKAY [  1.044s]
Writing 'vendor'                                   OKAY [  1.335s]
Finished. Total time: 16.359s

all four images written and userdata/metadata/cache wiped
first boot no longer runs cryptfs enablecrypto: userdata is unencrypted
Rebooting                                          OKAY [  0.000s]
Finished. Total time: 0.050s
atomic flash receipt: /home/desmond/Downloads/k50sv1_64_bsp/work/.capture-staging/f2fs-runtime-20260905/flash-02.txt (sha256=a77c7b39372a304c06e1dc3605c440502f35d8cbb4a1e4b6fd71c5cfddbcc752)
