command=['/home/desmond/Downloads/k50sv1_64_bsp/work/.capture-staging/f2fs-assessment-20260905/mkfs/multicall/fsck.f2fs', '--dry-run', '-f', '/home/desmond/Downloads/k50sv1_64_bsp/work/.capture-staging/f2fs-assessment-20260905/mkfs/userdata-android-pristine.img']
exit=0
Info: Dry run
Info: Force to fix corruption
	Info: No support kernel version!
Info: Segments per section = 1
Info: Sections per zone = 1
Info: sector size = 512
Info: total sectors = 108150751 (52807 MB)
Info: MKFS version
  "7.2.2-1-cachyos #1 SMP PREEMPT_DYNAMIC Fri, 28 Aug 2026 08:05:11 +0000"
Info: FSCK version
  from "7.2.2-1-cachyos #1 SMP PREEMPT_DYNAMIC Fri, 28 Aug 2026 08:05:11 +0000"
    to "7.2.2-1-cachyos #1 SMP PREEMPT_DYNAMIC Fri, 28 Aug 2026 08:05:11 +0000"
Info: superblock features = 481 :  encrypt verity quota_ino
Info: superblock encrypt level = 0, salt = 00000000000000000000000000000000
Info: total FS sectors = 108150744 (52807 MB)
Info: CKPT version = 3e2bb84d
Info: Corrupted valid nat_bits in checkpoint
Info: Write valid nat_bits in checkpoint
Info: checkpoint state = 85 :  nat_bits compacted_summary unmount

[FSCK] Unreachable nat entries                        [Ok..] [0x0]
[FSCK] SIT valid block bitmap checking                [Ok..]
[FSCK] Hard link checking for regular file            [Ok..] [0x0]
[FSCK] valid_block_count matching with CP             [Ok..] [0x8]
[FSCK] valid_node_count matcing with CP (de lookup)   [Ok..] [0x3]
[FSCK] valid_node_count matcing with CP (nat lookup)  [Ok..] [0x3]
[FSCK] valid_inode_count matched with CP              [Ok..] [0x3]
[FSCK] free segment_count matched with CP             [Ok..] [0x666e]
[FSCK] next block offset is free                      [Ok..]
[FSCK] fixing SIT types
[FSCK] other corrupted bugs                           [Ok..]
Info: Write valid nat_bits in checkpoint
Info: Write valid nat_bits in checkpoint

Done.
