status=PASS
candidate_output=/home/desmond/Downloads/k50sv1_64_bsp/work/.capture-staging/f2fs-assessment-20260905/project/lineage-17.1/out/target/product/k50sv1_64_bsp/obj/KERNEL_OBJ
modules=5
expected_pairs=368
built_in_expected=339
inter_module_expected=29
stock_invariant_errors=0
stock_vermagic_expected=3.18.119 SMP preempt mod_unload modversions aarch64
stock_vermagic=3.18.119 SMP preempt mod_unload modversions aarch64
stock_module_signature=unsigned
stock_module_sha256.wmt_drv.ko=f30b22f3c39b8dd5816fee034c6b19d422c608768b345bded7cb29e574cb1c46
stock_module_sha256.wmt_chrdev_wifi.ko=c1372b4c3759186179ec8c2e720ef05ae771d2a16a36b84e2d8e07fbca155a19
stock_module_sha256.wlan_drv_gen2.ko=658b5fa6378267368c4b809f540b270efaee80062c374fb7250db7928a8bb84f
stock_module_sha256.bt_drv.ko=d64e7dccc2453ab00dca022f68193940de303c282abcaeb1c67b46ffe7925a4b
stock_module_sha256.gps_drv.ko=af865da4f38bbf45a31222ecd2b0445926eecd41e391bdd11abd0e49c1033949
candidate_uts_release=3.18.119
candidate_vermagic=3.18.119 SMP preempt mod_unload modversions aarch64
candidate_config_modules=y
candidate_config_modversions=y
candidate_config_module_sig=n
candidate_config_module_sig_force=n
candidate_config_module_sig_all=n
module_signature_compatible=yes
candidate_metadata_errors=0
candidate_dot_config_sha256=a8785a70e79d991b184af54c4408e02ea2cbaec641fa66516ef94b593f79a3b9
candidate_dot_config_bytes=105543
candidate_auto_conf_sha256=c289aad797750a18d94a20207434627d2293e9831b97489e22537cfc7f5d0714
candidate_auto_conf_bytes=30794
candidate_kernel_release_sha256=be4e7f777b3ef5b0d4d69be92b7ed48ce6d972897b6101624db0dfdd4233735a
candidate_kernel_release_bytes=9
candidate_autoconf_h_sha256=40331cf6d023de22a4c8e52955c60b1c376ca78b5610ced5aa39a02d70105039
candidate_autoconf_h_bytes=40551
candidate_utsrelease_h_sha256=ce5610d904c80c7e8a14e06ad395d79a168bfd3620f1e4d2623202e8a86e3d65
candidate_utsrelease_h_bytes=31
candidate_symvers_sha256=a3ae2d7aa9459eba11732e1cacd71d8ea987c9da0ef7c60b5f96a01a6d83933d
candidate_symvers_bytes=410857
candidate_vmlinux_sha256=af582b04a270e9bcfa31576c395fc9499fe8ab21b46f753f16112cf369b40384
candidate_vmlinux_bytes=187164304
candidate_image_path=arch/arm64/boot/Image
candidate_image_sha256=f10d3eeccb042db3bee7172e8749395b65b2e6994b952917a96eae4f7238f64a
candidate_image_bytes=18041416
candidate_image_derived_sha256=f10d3eeccb042db3bee7172e8749395b65b2e6994b952917a96eae4f7238f64a
candidate_image_gz_path=arch/arm64/boot/Image.gz
candidate_image_gz_sha256=82e91b6b5a4f97aaab322be5eb0ac2f4757ce6ca7bb2086adc5b904ca1f8d8ea
candidate_image_gz_bytes=7550483
stock_inter_ok=29
stock_inter_missing_crc=0
stock_inter_crc_mismatch=0
stock_inter_duplicate=0
candidate_builtin_ok=339
candidate_missing=0
candidate_crc_mismatch=0
candidate_wrong_provider=0
candidate_duplicate=0
candidate_vmlinux_crc_ok=339
candidate_vmlinux_crc_missing=0
candidate_vmlinux_crc_mismatch=0
candidate_vmlinux_crc_duplicate=0
candidate_vmlinux_export_ok=339
candidate_vmlinux_export_missing=0
candidate_vmlinux_export_duplicate=0
candidate_inter_ok=29
candidate_inter_symvers_collision=0
candidate_inter_vmlinux_crc_collision=0
candidate_inter_vmlinux_export_collision=0
module_layout_expected=a415c974
module_layout_actual=a415c974@vmlinux
module_layout_vmlinux_actual=a415c974@__crc_module_layout
